------------------------------------------------------------
TimeQuest Timing Analyzer Summary
------------------------------------------------------------

Type  : Slow 1200mV 85C Model Setup 'SEG_LED:mysegled|flag'
Slack : -46.618
TNS   : -202.691

Type  : Slow 1200mV 85C Model Setup 'CLOCK:myclock|clock'
Slack : -27.187
TNS   : -8608.734

Type  : Slow 1200mV 85C Model Setup 'qclk'
Slack : -21.611
TNS   : -1286.582

Type  : Slow 1200mV 85C Model Setup 'ID_EX:myid_ex|ex_aluop[0]'
Slack : -3.619
TNS   : -113.225

Type  : Slow 1200mV 85C Model Setup 'EXE:myexe|cp0_reg_read_addr_o[0]'
Slack : -3.162
TNS   : -95.444

Type  : Slow 1200mV 85C Model Setup 'resetn'
Slack : -0.995
TNS   : -1.402

Type  : Slow 1200mV 85C Model Hold 'qclk'
Slack : -1.132
TNS   : -19.196

Type  : Slow 1200mV 85C Model Hold 'CLOCK:myclock|clock'
Slack : -0.956
TNS   : -14.362

Type  : Slow 1200mV 85C Model Hold 'resetn'
Slack : -0.551
TNS   : -0.857

Type  : Slow 1200mV 85C Model Hold 'SEG_LED:mysegled|flag'
Slack : -0.474
TNS   : -2.498

Type  : Slow 1200mV 85C Model Hold 'ID_EX:myid_ex|ex_aluop[0]'
Slack : -0.434
TNS   : -3.699

Type  : Slow 1200mV 85C Model Hold 'EXE:myexe|cp0_reg_read_addr_o[0]'
Slack : 0.250
TNS   : 0.000

Type  : Slow 1200mV 85C Model Recovery 'EXE:myexe|cp0_reg_read_addr_o[0]'
Slack : -1.141
TNS   : -13.729

Type  : Slow 1200mV 85C Model Recovery 'ID_EX:myid_ex|ex_aluop[0]'
Slack : 0.184
TNS   : 0.000

Type  : Slow 1200mV 85C Model Removal 'ID_EX:myid_ex|ex_aluop[0]'
Slack : -2.888
TNS   : -70.841

Type  : Slow 1200mV 85C Model Removal 'EXE:myexe|cp0_reg_read_addr_o[0]'
Slack : -1.367
TNS   : -17.230

Type  : Slow 1200mV 85C Model Minimum Pulse Width 'qclk'
Slack : -3.000
TNS   : -337.575

Type  : Slow 1200mV 85C Model Minimum Pulse Width 'resetn'
Slack : -3.000
TNS   : -3.000

Type  : Slow 1200mV 85C Model Minimum Pulse Width 'CLOCK:myclock|clock'
Slack : -1.487
TNS   : -1323.430

Type  : Slow 1200mV 85C Model Minimum Pulse Width 'SEG_LED:mysegled|flag'
Slack : -1.487
TNS   : -31.227

Type  : Slow 1200mV 85C Model Minimum Pulse Width 'EXE:myexe|cp0_reg_read_addr_o[0]'
Slack : 0.276
TNS   : 0.000

Type  : Slow 1200mV 85C Model Minimum Pulse Width 'ID_EX:myid_ex|ex_aluop[0]'
Slack : 0.280
TNS   : 0.000

Type  : Slow 1200mV 0C Model Setup 'SEG_LED:mysegled|flag'
Slack : -42.683
TNS   : -185.517

Type  : Slow 1200mV 0C Model Setup 'CLOCK:myclock|clock'
Slack : -25.068
TNS   : -8005.800

Type  : Slow 1200mV 0C Model Setup 'qclk'
Slack : -19.872
TNS   : -1180.058

Type  : Slow 1200mV 0C Model Setup 'ID_EX:myid_ex|ex_aluop[0]'
Slack : -3.507
TNS   : -110.852

Type  : Slow 1200mV 0C Model Setup 'EXE:myexe|cp0_reg_read_addr_o[0]'
Slack : -3.093
TNS   : -92.190

Type  : Slow 1200mV 0C Model Setup 'resetn'
Slack : -0.837
TNS   : -0.950

Type  : Slow 1200mV 0C Model Hold 'qclk'
Slack : -0.988
TNS   : -16.886

Type  : Slow 1200mV 0C Model Hold 'CLOCK:myclock|clock'
Slack : -0.862
TNS   : -12.496

Type  : Slow 1200mV 0C Model Hold 'resetn'
Slack : -0.627
TNS   : -1.044

Type  : Slow 1200mV 0C Model Hold 'SEG_LED:mysegled|flag'
Slack : -0.459
TNS   : -2.506

Type  : Slow 1200mV 0C Model Hold 'ID_EX:myid_ex|ex_aluop[0]'
Slack : -0.364
TNS   : -2.975

Type  : Slow 1200mV 0C Model Hold 'EXE:myexe|cp0_reg_read_addr_o[0]'
Slack : 0.267
TNS   : 0.000

Type  : Slow 1200mV 0C Model Recovery 'EXE:myexe|cp0_reg_read_addr_o[0]'
Slack : -1.099
TNS   : -13.043

Type  : Slow 1200mV 0C Model Recovery 'ID_EX:myid_ex|ex_aluop[0]'
Slack : -0.031
TNS   : -0.073

Type  : Slow 1200mV 0C Model Removal 'ID_EX:myid_ex|ex_aluop[0]'
Slack : -2.454
TNS   : -59.820

Type  : Slow 1200mV 0C Model Removal 'EXE:myexe|cp0_reg_read_addr_o[0]'
Slack : -1.077
TNS   : -10.491

Type  : Slow 1200mV 0C Model Minimum Pulse Width 'qclk'
Slack : -3.000
TNS   : -337.575

Type  : Slow 1200mV 0C Model Minimum Pulse Width 'resetn'
Slack : -3.000
TNS   : -3.000

Type  : Slow 1200mV 0C Model Minimum Pulse Width 'CLOCK:myclock|clock'
Slack : -1.487
TNS   : -1323.430

Type  : Slow 1200mV 0C Model Minimum Pulse Width 'SEG_LED:mysegled|flag'
Slack : -1.487
TNS   : -31.227

Type  : Slow 1200mV 0C Model Minimum Pulse Width 'ID_EX:myid_ex|ex_aluop[0]'
Slack : 0.082
TNS   : 0.000

Type  : Slow 1200mV 0C Model Minimum Pulse Width 'EXE:myexe|cp0_reg_read_addr_o[0]'
Slack : 0.126
TNS   : 0.000

Type  : Fast 1200mV 0C Model Setup 'SEG_LED:mysegled|flag'
Slack : -19.334
TNS   : -79.152

Type  : Fast 1200mV 0C Model Setup 'CLOCK:myclock|clock'
Slack : -11.328
TNS   : -3326.757

Type  : Fast 1200mV 0C Model Setup 'qclk'
Slack : -8.666
TNS   : -433.804

Type  : Fast 1200mV 0C Model Setup 'ID_EX:myid_ex|ex_aluop[0]'
Slack : -1.110
TNS   : -33.564

Type  : Fast 1200mV 0C Model Setup 'EXE:myexe|cp0_reg_read_addr_o[0]'
Slack : -1.019
TNS   : -29.699

Type  : Fast 1200mV 0C Model Setup 'resetn'
Slack : 0.084
TNS   : 0.000

Type  : Fast 1200mV 0C Model Hold 'qclk'
Slack : -0.582
TNS   : -11.184

Type  : Fast 1200mV 0C Model Hold 'CLOCK:myclock|clock'
Slack : -0.408
TNS   : -4.914

Type  : Fast 1200mV 0C Model Hold 'resetn'
Slack : -0.343
TNS   : -0.547

Type  : Fast 1200mV 0C Model Hold 'ID_EX:myid_ex|ex_aluop[0]'
Slack : -0.312
TNS   : -5.568

Type  : Fast 1200mV 0C Model Hold 'SEG_LED:mysegled|flag'
Slack : -0.076
TNS   : -0.171

Type  : Fast 1200mV 0C Model Hold 'EXE:myexe|cp0_reg_read_addr_o[0]'
Slack : -0.029
TNS   : -0.111

Type  : Fast 1200mV 0C Model Recovery 'EXE:myexe|cp0_reg_read_addr_o[0]'
Slack : -0.291
TNS   : -1.514

Type  : Fast 1200mV 0C Model Recovery 'ID_EX:myid_ex|ex_aluop[0]'
Slack : 0.192
TNS   : 0.000

Type  : Fast 1200mV 0C Model Removal 'ID_EX:myid_ex|ex_aluop[0]'
Slack : -1.232
TNS   : -28.989

Type  : Fast 1200mV 0C Model Removal 'EXE:myexe|cp0_reg_read_addr_o[0]'
Slack : -0.454
TNS   : -4.483

Type  : Fast 1200mV 0C Model Minimum Pulse Width 'qclk'
Slack : -3.000
TNS   : -243.216

Type  : Fast 1200mV 0C Model Minimum Pulse Width 'resetn'
Slack : -3.000
TNS   : -3.000

Type  : Fast 1200mV 0C Model Minimum Pulse Width 'CLOCK:myclock|clock'
Slack : -1.000
TNS   : -890.000

Type  : Fast 1200mV 0C Model Minimum Pulse Width 'SEG_LED:mysegled|flag'
Slack : -1.000
TNS   : -21.000

Type  : Fast 1200mV 0C Model Minimum Pulse Width 'ID_EX:myid_ex|ex_aluop[0]'
Slack : 0.209
TNS   : 0.000

Type  : Fast 1200mV 0C Model Minimum Pulse Width 'EXE:myexe|cp0_reg_read_addr_o[0]'
Slack : 0.341
TNS   : 0.000

------------------------------------------------------------
